Archive member included to satisfy reference by file (symbol)

/usr/lib/gcc/arm-none-eabi/5.4.1/../../../arm-none-eabi/lib/armv7-m/libg_nano.a(lib_a-errno.o)
                              ./system/src/newlib/_sbrk.o (__errno)
/usr/lib/gcc/arm-none-eabi/5.4.1/../../../arm-none-eabi/lib/armv7-m/libg_nano.a(lib_a-impure.o)
                              /usr/lib/gcc/arm-none-eabi/5.4.1/../../../arm-none-eabi/lib/armv7-m/libg_nano.a(lib_a-errno.o) (_impure_ptr)
/usr/lib/gcc/arm-none-eabi/5.4.1/../../../arm-none-eabi/lib/armv7-m/libg_nano.a(lib_a-strlen-stub.o)
                              ./system/src/diag/Trace.o (strlen)
/usr/lib/gcc/arm-none-eabi/5.4.1/../../../arm-none-eabi/lib/armv7-m/libg_nano.a(lib_a-vsnprintf.o)
                              ./system/src/diag/Trace.o (vsnprintf)
/usr/lib/gcc/arm-none-eabi/5.4.1/../../../arm-none-eabi/lib/armv7-m/libg_nano.a(lib_a-nano-svfprintf.o)
                              /usr/lib/gcc/arm-none-eabi/5.4.1/../../../arm-none-eabi/lib/armv7-m/libg_nano.a(lib_a-vsnprintf.o) (_svfprintf_r)
/usr/lib/gcc/arm-none-eabi/5.4.1/../../../arm-none-eabi/lib/armv7-m/libg_nano.a(lib_a-nano-vfprintf_i.o)
                              /usr/lib/gcc/arm-none-eabi/5.4.1/../../../arm-none-eabi/lib/armv7-m/libg_nano.a(lib_a-nano-svfprintf.o) (_printf_i)
/usr/lib/gcc/arm-none-eabi/5.4.1/../../../arm-none-eabi/lib/armv7-m/libg_nano.a(lib_a-memchr-stub.o)
                              /usr/lib/gcc/arm-none-eabi/5.4.1/../../../arm-none-eabi/lib/armv7-m/libg_nano.a(lib_a-nano-svfprintf.o) (memchr)
/usr/lib/gcc/arm-none-eabi/5.4.1/../../../arm-none-eabi/lib/armv7-m/libg_nano.a(lib_a-memcpy.o)
                              /usr/lib/gcc/arm-none-eabi/5.4.1/../../../arm-none-eabi/lib/armv7-m/libg_nano.a(lib_a-nano-svfprintf.o) (memcpy)
/usr/lib/gcc/arm-none-eabi/5.4.1/../../../arm-none-eabi/lib/armv7-m/libg_nano.a(lib_a-memmove.o)
                              /usr/lib/gcc/arm-none-eabi/5.4.1/../../../arm-none-eabi/lib/armv7-m/libg_nano.a(lib_a-nano-svfprintf.o) (memmove)
/usr/lib/gcc/arm-none-eabi/5.4.1/../../../arm-none-eabi/lib/armv7-m/libg_nano.a(lib_a-nano-freer.o)
                              /usr/lib/gcc/arm-none-eabi/5.4.1/../../../arm-none-eabi/lib/armv7-m/libg_nano.a(lib_a-nano-svfprintf.o) (_free_r)
/usr/lib/gcc/arm-none-eabi/5.4.1/../../../arm-none-eabi/lib/armv7-m/libg_nano.a(lib_a-nano-mallocr.o)
                              /usr/lib/gcc/arm-none-eabi/5.4.1/../../../arm-none-eabi/lib/armv7-m/libg_nano.a(lib_a-nano-svfprintf.o) (_malloc_r)
/usr/lib/gcc/arm-none-eabi/5.4.1/../../../arm-none-eabi/lib/armv7-m/libg_nano.a(lib_a-nano-reallocr.o)
                              /usr/lib/gcc/arm-none-eabi/5.4.1/../../../arm-none-eabi/lib/armv7-m/libg_nano.a(lib_a-nano-svfprintf.o) (_realloc_r)
/usr/lib/gcc/arm-none-eabi/5.4.1/../../../arm-none-eabi/lib/armv7-m/libg_nano.a(lib_a-sbrkr.o)
                              /usr/lib/gcc/arm-none-eabi/5.4.1/../../../arm-none-eabi/lib/armv7-m/libg_nano.a(lib_a-nano-mallocr.o) (_sbrk_r)
/usr/lib/gcc/arm-none-eabi/5.4.1/../../../arm-none-eabi/lib/armv7-m/libg_nano.a(lib_a-nano-msizer.o)
                              /usr/lib/gcc/arm-none-eabi/5.4.1/../../../arm-none-eabi/lib/armv7-m/libg_nano.a(lib_a-nano-reallocr.o) (_malloc_usable_size_r)

Allocating common symbols
Common symbol       size              file

errno               0x4               ./system/src/newlib/_syscalls.o
msTicks             0x4               ./src/main.o

Discarded input sections

 .group         0x0000000000000000        0x8 ./system/src/stm32f1-stdperiph/misc.o
 .group         0x0000000000000000        0x8 ./system/src/stm32f1-stdperiph/misc.o
 .group         0x0000000000000000        0x8 ./system/src/stm32f1-stdperiph/misc.o
 .group         0x0000000000000000        0x8 ./system/src/stm32f1-stdperiph/misc.o
 .group         0x0000000000000000        0x8 ./system/src/stm32f1-stdperiph/misc.o
 .group         0x0000000000000000        0x8 ./system/src/stm32f1-stdperiph/misc.o
 .group         0x0000000000000000        0x8 ./system/src/stm32f1-stdperiph/misc.o
 .group         0x0000000000000000        0x8 ./system/src/stm32f1-stdperiph/misc.o
 .group         0x0000000000000000        0x8 ./system/src/stm32f1-stdperiph/misc.o
 .group         0x0000000000000000        0x8 ./system/src/stm32f1-stdperiph/misc.o
 .group         0x0000000000000000        0x8 ./system/src/stm32f1-stdperiph/misc.o
 .group         0x0000000000000000        0x8 ./system/src/stm32f1-stdperiph/misc.o
 .group         0x0000000000000000        0x8 ./system/src/stm32f1-stdperiph/misc.o
 .group         0x0000000000000000        0x8 ./system/src/stm32f1-stdperiph/misc.o
 .group         0x0000000000000000        0x8 ./system/src/stm32f1-stdperiph/misc.o
 .group         0x0000000000000000        0x8 ./system/src/stm32f1-stdperiph/misc.o
 .group         0x0000000000000000        0x8 ./system/src/stm32f1-stdperiph/misc.o
 .group         0x0000000000000000        0x8 ./system/src/stm32f1-stdperiph/misc.o
[...]
Memory Configuration

Name             Origin             Length             Attributes
RAM              0x0000000020000000 0x0000000000005000 xrw
CCMRAM           0x0000000000000000 0x0000000000000000 xrw
FLASH            0x0000000008000000 0x0000000000010000 xr
FLASHB1          0x0000000000000000 0x0000000000000000 xr
EXTMEMB0         0x0000000000000000 0x0000000000000000 xr
EXTMEMB1         0x0000000000000000 0x0000000000000000 xr
EXTMEMB2         0x0000000000000000 0x0000000000000000 xr
EXTMEMB3         0x0000000000000000 0x0000000000000000 xr
MEMORY_ARRAY     0x0000000000000000 0x0000000000000000 xrw
*default*        0x0000000000000000 0xffffffffffffffff

Linker script and memory map

LOAD ./system/src/stm32f1-stdperiph/misc.o
LOAD ./system/src/stm32f1-stdperiph/stm32f10x_can.o
LOAD ./system/src/stm32f1-stdperiph/stm32f10x_gpio.o
LOAD ./system/src/stm32f1-stdperiph/stm32f10x_rcc.o
LOAD ./system/src/newlib/_cxx.o
LOAD ./system/src/newlib/_exit.o
LOAD ./system/src/newlib/_sbrk.o
LOAD ./system/src/newlib/_startup.o
LOAD ./system/src/newlib/_syscalls.o
LOAD ./system/src/newlib/assert.o
LOAD ./system/src/diag/Trace.o
LOAD ./system/src/diag/trace_impl.o
LOAD ./system/src/cortexm/_initialize_hardware.o
LOAD ./system/src/cortexm/_reset_hardware.o
LOAD ./system/src/cortexm/exception_handlers.o
LOAD ./system/src/cmsis/system_stm32f10x.o
LOAD ./system/src/cmsis/vectors_stm32f10x.o
LOAD ./src/main.o
LOAD /usr/lib/gcc/arm-none-eabi/5.4.1/../../../arm-none-eabi/lib/armv7-m/libstdc++_nano.a
LOAD /usr/lib/gcc/arm-none-eabi/5.4.1/../../../arm-none-eabi/lib/armv7-m/libm.a
START GROUP
LOAD /usr/lib/gcc/arm-none-eabi/5.4.1/armv7-m/libgcc.a
LOAD /usr/lib/gcc/arm-none-eabi/5.4.1/../../../arm-none-eabi/lib/armv7-m/libg_nano.a
LOAD /usr/lib/gcc/arm-none-eabi/5.4.1/../../../arm-none-eabi/lib/armv7-m/libc_nano.a
END GROUP
START GROUP
LOAD /usr/lib/gcc/arm-none-eabi/5.4.1/armv7-m/libgcc.a
LOAD /usr/lib/gcc/arm-none-eabi/5.4.1/../../../arm-none-eabi/lib/armv7-m/libc_nano.a
END GROUP
                0x0000000020005000                __stack = (ORIGIN (RAM) + LENGTH (RAM))
                0x0000000020005000                _estack = __stack
                0x0000000000000400                __Main_Stack_Size = 0x400
                [!provide]                        PROVIDE (_Main_Stack_Size, __Main_Stack_Size)
                0x0000000020004c00                __Main_Stack_Limit = (__stack - __Main_Stack_Size)
                [!provide]                        PROVIDE (_Main_Stack_Limit, __Main_Stack_Limit)
                0x0000000000000100                _Minimum_Stack_Size = 0x100
                0x0000000020000128                PROVIDE (_Heap_Begin, _end_noinit)
                0x0000000020004c00                PROVIDE (_Heap_Limit, (__stack - __Main_Stack_Size))

.isr_vector     0x0000000008000000      0x354
 FILL mask 0xff
                0x0000000008000000                __vectors_start = ABSOLUTE (.)
                0x0000000008000000                __vectors_start__ = ABSOLUTE (.)
 *(.isr_vector)
 .isr_vector    0x0000000008000000      0x10c ./system/src/cmsis/vectors_stm32f10x.o
                0x0000000008000000                __isr_vectors
 *(.cfmconfig)
 *(.after_vectors .after_vectors.*)
 .after_vectors
                0x000000000800010c      0x114 ./system/src/newlib/_startup.o
                0x000000000800010c                _start
 .after_vectors
                0x0000000008000220      0x130 ./system/src/cortexm/exception_handlers.o
                0x0000000008000220                Reset_Handler
                0x0000000008000228                NMI_Handler
                0x000000000800022c                HardFault_Handler
                0x0000000008000240                HardFault_Handler_C
                0x00000000080002a0                MemManage_Handler
                0x00000000080002a4                BusFault_Handler
                0x00000000080002b8                BusFault_Handler_C
                0x00000000080002ec                UsageFault_Handler
                0x0000000008000300                UsageFault_Handler_C
                0x0000000008000334                SVC_Handler
                0x0000000008000338                DebugMon_Handler
                0x000000000800033c                PendSV_Handler
 .after_vectors
                0x0000000008000350        0x4 ./system/src/cmsis/vectors_stm32f10x.o
                0x0000000008000350                EXTI2_IRQHandler
                0x0000000008000350                TIM8_TRG_COM_IRQHandler
                0x0000000008000350                TIM8_CC_IRQHandler
                0x0000000008000350                TIM1_CC_IRQHandler
                0x0000000008000350                TIM6_IRQHandler
                0x0000000008000350                PVD_IRQHandler
                0x0000000008000350                SDIO_IRQHandler
                0x0000000008000350                CAN2_RX1_IRQHandler
                0x0000000008000350                EXTI3_IRQHandler
                0x0000000008000350                TIM8_TRG_COM_TIM14_IRQHandler
                0x0000000008000350                TIM1_UP_TIM10_IRQHandler
                0x0000000008000350                TIM8_UP_TIM13_IRQHandler
                0x0000000008000350                EXTI0_IRQHandler
                0x0000000008000350                I2C2_EV_IRQHandler
                0x0000000008000350                CAN1_RX0_IRQHandler
                0x0000000008000350                TIM1_UP_TIM16_IRQHandler
                0x0000000008000350                CAN2_SCE_IRQHandler
                0x0000000008000350                ADC1_2_IRQHandler
                0x0000000008000350                SPI1_IRQHandler
                0x0000000008000350                TAMPER_IRQHandler
                0x0000000008000350                TIM6_DAC_IRQHandler
                0x0000000008000350                TIM1_BRK_TIM9_IRQHandler
                0x0000000008000350                CAN2_RX0_IRQHandler
                0x0000000008000350                TIM8_UP_IRQHandler
                0x0000000008000350                DMA2_Channel2_IRQHandler
                0x0000000008000350                DMA1_Channel4_IRQHandler
                0x0000000008000350                USART3_IRQHandler
                0x0000000008000350                RTC_IRQHandler
                0x0000000008000350                DMA1_Channel7_IRQHandler
                0x0000000008000350                CAN1_RX1_IRQHandler
                0x0000000008000350                UART5_IRQHandler
                0x0000000008000350                ADC3_IRQHandler
                0x0000000008000350                TIM4_IRQHandler
                0x0000000008000350                DMA2_Channel1_IRQHandler
                0x0000000008000350                I2C1_EV_IRQHandler
                0x0000000008000350                DMA1_Channel6_IRQHandler
                0x0000000008000350                UART4_IRQHandler
                0x0000000008000350                DMA2_Channel4_IRQHandler
                0x0000000008000350                TIM3_IRQHandler
                0x0000000008000350                RCC_IRQHandler
                0x0000000008000350                TIM8_BRK_TIM12_IRQHandler
                0x0000000008000350                TIM1_TRG_COM_IRQHandler
                0x0000000008000350                DMA1_Channel1_IRQHandler
                0x0000000008000350                Default_Handler
                0x0000000008000350                CEC_IRQHandler
                0x0000000008000350                EXTI15_10_IRQHandler
                0x0000000008000350                TIM14_IRQHandler
                0x0000000008000350                TIM13_IRQHandler
                0x0000000008000350                TIM12_IRQHandler
                0x0000000008000350                TIM7_IRQHandler
                0x0000000008000350                CAN2_TX_IRQHandler
                0x0000000008000350                TIM5_IRQHandler
                0x0000000008000350                EXTI9_5_IRQHandler
                0x0000000008000350                ETH_WKUP_IRQHandler
                0x0000000008000350                SPI2_IRQHandler
                0x0000000008000350                CAN1_TX_IRQHandler
                0x0000000008000350                DMA2_Channel5_IRQHandler
                0x0000000008000350                DMA1_Channel5_IRQHandler
                0x0000000008000350                EXTI4_IRQHandler
                0x0000000008000350                USB_LP_CAN1_RX0_IRQHandler
                0x0000000008000350                TIM1_TRG_COM_TIM17_IRQHandler
                0x0000000008000350                USB_HP_CAN1_TX_IRQHandler
                0x0000000008000350                DMA1_Channel3_IRQHandler
                0x0000000008000350                FSMC_IRQHandler
                0x0000000008000350                ETH_IRQHandler
                0x0000000008000350                TIM1_UP_IRQHandler
                0x0000000008000350                WWDG_IRQHandler
                0x0000000008000350                TIM2_IRQHandler
                0x0000000008000350                OTG_FS_WKUP_IRQHandler
                0x0000000008000350                TIM1_TRG_COM_TIM11_IRQHandler
                0x0000000008000350                TIM1_BRK_IRQHandler
                0x0000000008000350                EXTI1_IRQHandler
                0x0000000008000350                RTCAlarm_IRQHandler
                0x0000000008000350                DMA2_Channel4_5_IRQHandler
                0x0000000008000350                USART2_IRQHandler
                0x0000000008000350                I2C2_ER_IRQHandler
                0x0000000008000350                DMA1_Channel2_IRQHandler
                0x0000000008000350                TIM8_BRK_IRQHandler
                0x0000000008000350                CAN1_SCE_IRQHandler
                0x0000000008000350                FLASH_IRQHandler
                0x0000000008000350                USART1_IRQHandler
                0x0000000008000350                OTG_FS_IRQHandler
                0x0000000008000350                SPI3_IRQHandler
                0x0000000008000350                I2C1_ER_IRQHandler
                0x0000000008000350                USBWakeUp_IRQHandler
                0x0000000008000350                DMA2_Channel3_IRQHandler
                0x0000000008000350                TIM1_BRK_TIM15_IRQHandler

.inits          0x0000000008000354       0x28
                0x0000000008000354                __data_regions_array_start = .
                0x0000000008000354        0x4 LONG 0x800204c LOADADDR (.data)
                0x0000000008000358        0x4 LONG 0x20000000 ADDR (.data)
                0x000000000800035c        0x4 LONG 0x20000088 (ADDR (.data) + SIZEOF (.data))
                0x0000000008000360        0x4 LONG 0x800204c LOADADDR (.data_CCMRAM)
                0x0000000008000364        0x4 LONG 0x0 ADDR (.data_CCMRAM)
                0x0000000008000368        0x4 LONG 0x0 (ADDR (.data_CCMRAM) + SIZEOF (.data_CCMRAM))
                0x000000000800036c                __data_regions_array_end = .
                0x000000000800036c                __bss_regions_array_start = .
                0x000000000800036c        0x4 LONG 0x20000088 ADDR (.bss)
                0x0000000008000370        0x4 LONG 0x20000128 (ADDR (.bss) + SIZEOF (.bss))
                0x0000000008000374        0x4 LONG 0x0 ADDR (.bss_CCMRAM)
                0x0000000008000378        0x4 LONG 0x0 (ADDR (.bss_CCMRAM) + SIZEOF (.bss_CCMRAM))
                0x000000000800037c                __bss_regions_array_end = .
 *(.init)
 *(.fini)
                0x000000000800037c                . = ALIGN (0x4)
                0x000000000800037c                PROVIDE (__preinit_array_start, .)
 *(.preinit_array_sysinit .preinit_array_sysinit.*)
 *(.preinit_array_platform .preinit_array_platform.*)
 *(.preinit_array .preinit_array.*)
                0x000000000800037c                PROVIDE (__preinit_array_end, .)
                0x000000000800037c                . = ALIGN (0x4)
                0x000000000800037c                PROVIDE (__init_array_start, .)
 *(SORT(.init_array.*))
 *(.init_array)
                0x000000000800037c                PROVIDE (__init_array_end, .)
                0x000000000800037c                . = ALIGN (0x4)
                0x000000000800037c                PROVIDE (__fini_array_start, .)
 *(SORT(.fini_array.*))
 *(.fini_array)
                0x000000000800037c                PROVIDE (__fini_array_end, .)

.flashtext
 *(.flashtext .flashtext.*)

.text           0x000000000800037c     0x1cd0
 *(.text .text.*)
 .text.CAN_Init
                0x000000000800037c      0x1d4 ./system/src/stm32f1-stdperiph/stm32f10x_can.o
                0x000000000800037c                CAN_Init
 .text.CAN_StructInit
                0x0000000008000550       0x20 ./system/src/stm32f1-stdperiph/stm32f10x_can.o
                0x0000000008000550                CAN_StructInit
 .text.CAN_Transmit
                0x0000000008000570      0x14c ./system/src/stm32f1-stdperiph/stm32f10x_can.o
                0x0000000008000570                CAN_Transmit
 .text.CAN_TransmitStatus
                0x00000000080006bc       0xa8 ./system/src/stm32f1-stdperiph/stm32f10x_can.o
                0x00000000080006bc                CAN_TransmitStatus
 .text.GPIO_Init
                0x0000000008000764      0x128 ./system/src/stm32f1-stdperiph/stm32f10x_gpio.o
                0x0000000008000764                GPIO_Init
 .text.GPIO_StructInit
                0x000000000800088c       0x10 ./system/src/stm32f1-stdperiph/stm32f10x_gpio.o
                0x000000000800088c                GPIO_StructInit
 .text.GPIO_PinRemapConfig
                0x000000000800089c      0x1d0 ./system/src/stm32f1-stdperiph/stm32f10x_gpio.o
                0x000000000800089c                GPIO_PinRemapConfig
 .text.RCC_APB2PeriphClockCmd
                0x0000000008000a6c       0x4c ./system/src/stm32f1-stdperiph/stm32f10x_rcc.o
                0x0000000008000a6c                RCC_APB2PeriphClockCmd
 .text.RCC_APB1PeriphClockCmd
                0x0000000008000ab8       0x4c ./system/src/stm32f1-stdperiph/stm32f10x_rcc.o
                0x0000000008000ab8                RCC_APB1PeriphClockCmd
 .text._exit    0x0000000008000b04        0x4 ./system/src/newlib/_exit.o
                0x0000000008000b04                _exit
 .text.abort    0x0000000008000b08       0x14 ./system/src/newlib/_exit.o
                0x0000000008000b08                abort
 .text._sbrk    0x0000000008000b1c       0x44 ./system/src/newlib/_sbrk.o
                0x0000000008000b1c                _sbrk
 .text.__initialize_args
                0x0000000008000b60       0x10 ./system/src/newlib/_syscalls.o
                0x0000000008000b60                __initialize_args
 .text.assert_failed
                0x0000000008000b70       0x14 ./system/src/newlib/assert.o
                0x0000000008000b70                assert_failed
 .text.trace_printf
                0x0000000008000b84       0x30 ./system/src/diag/Trace.o
                0x0000000008000b84                trace_printf
 .text.trace_puts
                0x0000000008000bb4       0x20 ./system/src/diag/Trace.o
                0x0000000008000bb4                trace_puts
 .text._trace_write_semihosting_debug
                0x0000000008000bd4       0x64 ./system/src/diag/trace_impl.o
 .text.trace_write
                0x0000000008000c38        0x8 ./system/src/diag/trace_impl.o
                0x0000000008000c38                trace_write
 .text.__initialize_hardware_early
                0x0000000008000c40       0x18 ./system/src/cortexm/_initialize_hardware.o
                0x0000000008000c40                __initialize_hardware_early
 .text.__initialize_hardware
                0x0000000008000c58        0x8 ./system/src/cortexm/_initialize_hardware.o
                0x0000000008000c58                __initialize_hardware
 .text.dumpExceptionStack
                0x0000000008000c60       0xf0 ./system/src/cortexm/exception_handlers.o
                0x0000000008000c60                dumpExceptionStack
 .text.isSemihosting
                0x0000000008000d50       0x20 ./system/src/cortexm/exception_handlers.o
                0x0000000008000d50                isSemihosting
 .text.SetSysClockTo72
                0x0000000008000d70       0xc4 ./system/src/cmsis/system_stm32f10x.o
 .text.SetSysClock
                0x0000000008000e34        0x8 ./system/src/cmsis/system_stm32f10x.o
 .text.SystemInit
                0x0000000008000e3c       0x50 ./system/src/cmsis/system_stm32f10x.o
                0x0000000008000e3c                SystemInit
 .text.SystemCoreClockUpdate
                0x0000000008000e8c       0x94 ./system/src/cmsis/system_stm32f10x.o
                0x0000000008000e8c                SystemCoreClockUpdate
 .text.SysTick_Handler
                0x0000000008000f20       0x10 ./src/main.o
                0x0000000008000f20                SysTick_Handler
 .text.Delay    0x0000000008000f30       0x14 ./src/main.o
                0x0000000008000f30                Delay
 .text.main     0x0000000008000f44      0x148 ./src/main.o
                0x0000000008000f44                main
 .text          0x000000000800108c        0xc /usr/lib/gcc/arm-none-eabi/5.4.1/../../../arm-none-eabi/lib/armv7-m/libg_nano.a(lib_a-errno.o)
                0x000000000800108c                __errno
 .text          0x0000000008001098       0x5c /usr/lib/gcc/arm-none-eabi/5.4.1/../../../arm-none-eabi/lib/armv7-m/libg_nano.a(lib_a-strlen-stub.o)
                0x0000000008001098                strlen
 .text          0x00000000080010f4       0x90 /usr/lib/gcc/arm-none-eabi/5.4.1/../../../arm-none-eabi/lib/armv7-m/libg_nano.a(lib_a-vsnprintf.o)
                0x00000000080010f4                _vsnprintf_r
                0x00000000080010f4                _vsniprintf_r
                0x0000000008001164                vsnprintf
                0x0000000008001164                vsniprintf
 .text          0x0000000008001184      0x404 /usr/lib/gcc/arm-none-eabi/5.4.1/../../../arm-none-eabi/lib/armv7-m/libg_nano.a(lib_a-nano-svfprintf.o)
                0x0000000008001184                __ssputs_r
                0x000000000800124c                __ssprint_r
                0x000000000800134c                _svfprintf_r
                0x000000000800134c                _svfiprintf_r
 .text          0x0000000008001588      0x3dc /usr/lib/gcc/arm-none-eabi/5.4.1/../../../arm-none-eabi/lib/armv7-m/libg_nano.a(lib_a-nano-vfprintf_i.o)
                0x0000000008001588                _printf_common
                0x00000000080016bc                _printf_i
 .text          0x0000000008001964       0x8c /usr/lib/gcc/arm-none-eabi/5.4.1/../../../arm-none-eabi/lib/armv7-m/libg_nano.a(lib_a-memchr-stub.o)
                0x0000000008001964                memchr
 .text          0x00000000080019f0       0xec /usr/lib/gcc/arm-none-eabi/5.4.1/../../../arm-none-eabi/lib/armv7-m/libg_nano.a(lib_a-memcpy.o)
                0x00000000080019f0                memcpy
 .text          0x0000000008001adc       0xc8 /usr/lib/gcc/arm-none-eabi/5.4.1/../../../arm-none-eabi/lib/armv7-m/libg_nano.a(lib_a-memmove.o)
                0x0000000008001adc                memmove
 .text          0x0000000008001ba4       0x8c /usr/lib/gcc/arm-none-eabi/5.4.1/../../../arm-none-eabi/lib/armv7-m/libg_nano.a(lib_a-nano-freer.o)
                0x0000000008001ba4                _free_r
 .text          0x0000000008001c30       0xbc /usr/lib/gcc/arm-none-eabi/5.4.1/../../../arm-none-eabi/lib/armv7-m/libg_nano.a(lib_a-nano-mallocr.o)
                0x0000000008001c30                _malloc_r
 .text          0x0000000008001cec       0x48 /usr/lib/gcc/arm-none-eabi/5.4.1/../../../arm-none-eabi/lib/armv7-m/libg_nano.a(lib_a-nano-reallocr.o)
                0x0000000008001cec                _realloc_r
 .text          0x0000000008001d34       0x24 /usr/lib/gcc/arm-none-eabi/5.4.1/../../../arm-none-eabi/lib/armv7-m/libg_nano.a(lib_a-sbrkr.o)
                0x0000000008001d34                _sbrk_r
 .text          0x0000000008001d58       0x14 /usr/lib/gcc/arm-none-eabi/5.4.1/../../../arm-none-eabi/lib/armv7-m/libg_nano.a(lib_a-nano-msizer.o)
                0x0000000008001d58                _malloc_usable_size_r
 *(.rodata .rodata.* .constdata .constdata.*)
 .rodata.str1.4
                0x0000000008001d6c       0x30 ./system/src/stm32f1-stdperiph/stm32f10x_can.o
 .rodata.str1.4
                0x0000000008001d9c       0x31 ./system/src/stm32f1-stdperiph/stm32f10x_gpio.o
 *fill*         0x0000000008001dcd        0x3 
 .rodata.str1.4
                0x0000000008001dd0       0x30 ./system/src/stm32f1-stdperiph/stm32f10x_rcc.o
 .rodata.str1.4
                0x0000000008001e00       0x14 ./system/src/newlib/_exit.o
 .rodata.str1.4
                0x0000000008001e14       0x6b ./system/src/newlib/assert.o
                                         0x6f (size before relaxing)
 *fill*         0x0000000008001e7f        0x1 
 .rodata.str1.4
                0x0000000008001e80       0x29 ./system/src/diag/Trace.o
                                         0x2d (size before relaxing)
 *fill*         0x0000000008001ea9        0x3 
 .rodata.str1.4
                0x0000000008001eac      0x146 ./system/src/cortexm/exception_handlers.o
 *fill*         0x0000000008001ff2        0x2 
 .rodata.str1.4
                0x0000000008001ff4       0x15 ./src/main.o
 *fill*         0x0000000008002009        0x3 
 .rodata.str1.4
                0x000000000800200c        0x2 /usr/lib/gcc/arm-none-eabi/5.4.1/../../../arm-none-eabi/lib/armv7-m/libg_nano.a(lib_a-impure.o)
 *fill*         0x000000000800200e        0x2 
 .rodata.str1.4
                0x0000000008002010       0x13 /usr/lib/gcc/arm-none-eabi/5.4.1/../../../arm-none-eabi/lib/armv7-m/libg_nano.a(lib_a-nano-svfprintf.o)
 *fill*         0x0000000008002023        0x1 
 .rodata.str1.4
                0x0000000008002024       0x28 /usr/lib/gcc/arm-none-eabi/5.4.1/../../../arm-none-eabi/lib/armv7-m/libg_nano.a(lib_a-nano-vfprintf_i.o)
                                         0x25 (size before relaxing)
 *(vtable)
 *(.eh_frame*)
 *(.glue_7)
 .glue_7        0x000000000800204c        0x0 linker stubs
 *(.glue_7t)
 .glue_7t       0x000000000800204c        0x0 linker stubs

.vfp11_veneer   0x000000000800204c        0x0
 .vfp11_veneer  0x000000000800204c        0x0 linker stubs

.v4_bx          0x000000000800204c        0x0
 .v4_bx         0x000000000800204c        0x0 linker stubs

.iplt           0x000000000800204c        0x0
 .iplt          0x000000000800204c        0x0 ./system/src/stm32f1-stdperiph/misc.o

.rel.dyn        0x000000000800204c        0x0
 .rel.iplt      0x000000000800204c        0x0 ./system/src/stm32f1-stdperiph/misc.o

.ARM.extab
 *(.ARM.extab* .gnu.linkonce.armextab.*)
                0x000000000800204c                . = ALIGN (0x4)
                0x000000000800204c                __exidx_start = .

.ARM.exidx
 *(.ARM.exidx* .gnu.linkonce.armexidx.*)
                0x000000000800204c                __exidx_end = .
                0x000000000800204c                . = ALIGN (0x4)
                0x000000000800204c                _etext = .
                0x000000000800204c                __etext = .

.data_CCMRAM    0x0000000000000000        0x0 load address 0x000000000800204c
 FILL mask 0xff
 *(.data.CCMRAM .data.CCMRAM.*)
                0x0000000000000000                . = ALIGN (0x4)
                0x000000000800204c                _sidata = LOADADDR (.data)

.data           0x0000000020000000       0x88 load address 0x000000000800204c
 FILL mask 0xff
                0x0000000020000000                _sdata = .
                0x0000000020000000                __data_start__ = .
 *(.data_begin .data_begin.*)
 .data_begin    0x0000000020000000        0x4 ./system/src/newlib/_startup.o
 *(.data .data.*)
 .data.argv.4282
                0x0000000020000004        0x8 ./system/src/newlib/_syscalls.o
 .data.AHBPrescTable
                0x000000002000000c       0x10 ./system/src/cmsis/system_stm32f10x.o
                0x000000002000000c                AHBPrescTable
 .data.SystemCoreClock
                0x000000002000001c        0x4 ./system/src/cmsis/system_stm32f10x.o
                0x000000002000001c                SystemCoreClock
 .data          0x0000000020000020       0x64 /usr/lib/gcc/arm-none-eabi/5.4.1/../../../arm-none-eabi/lib/armv7-m/libg_nano.a(lib_a-impure.o)
                0x0000000020000020                _impure_ptr
 *(.data_end .data_end.*)
 .data_end      0x0000000020000084        0x4 ./system/src/newlib/_startup.o
                0x0000000020000088                . = ALIGN (0x4)
                0x0000000020000088                _edata = .
                0x0000000020000088                __data_end__ = .

.igot.plt       0x0000000020000088        0x0 load address 0x00000000080020d4
 .igot.plt      0x0000000020000088        0x0 ./system/src/stm32f1-stdperiph/misc.o

.bss_CCMRAM     0x0000000000000000        0x0
 *(.bss.CCMRAM .bss.CCMRAM.*)

.bss            0x0000000020000088       0xa0
                0x0000000020000088                __bss_start__ = .
                0x0000000020000088                _sbss = .
 *(.bss_begin .bss_begin.*)
 .bss_begin     0x0000000020000088        0x4 ./system/src/newlib/_startup.o
 *(.bss .bss.*)
 .bss.current_heap_end.3973
                0x000000002000008c        0x4 ./system/src/newlib/_sbrk.o
 .bss.name.4281
                0x0000000020000090        0x1 ./system/src/newlib/_syscalls.o
 *fill*         0x0000000020000091        0x3 
 .bss.buf.5165  0x0000000020000094       0x80 ./system/src/diag/Trace.o
 .bss           0x0000000020000114        0x8 /usr/lib/gcc/arm-none-eabi/5.4.1/../../../arm-none-eabi/lib/armv7-m/libg_nano.a(lib_a-nano-mallocr.o)
                0x0000000020000114                __malloc_free_list
                0x0000000020000118                __malloc_sbrk_start
 *(COMMON)
 COMMON         0x000000002000011c        0x4 ./system/src/newlib/_syscalls.o
                0x000000002000011c                errno
 COMMON         0x0000000020000120        0x4 ./src/main.o
                0x0000000020000120                msTicks
 *(.bss_end .bss_end.*)
 .bss_end       0x0000000020000124        0x4 ./system/src/newlib/_startup.o
                0x0000000020000128                . = ALIGN (0x4)
                0x0000000020000128                __bss_end__ = .
                0x0000000020000128                _ebss = .

.noinit_CCMRAM
 *(.noinit.CCMRAM .noinit.CCMRAM.*)

.noinit         0x0000000020000128        0x0
                0x0000000020000128                _noinit = .
 *(.noinit .noinit.*)
                0x0000000020000128                . = ALIGN (0x4)
                0x0000000020000128                _end_noinit = .
                [!provide]                        PROVIDE (end, _end_noinit)
                [!provide]                        PROVIDE (_end, _end_noinit)
                [!provide]                        PROVIDE (__end, _end_noinit)
                [!provide]                        PROVIDE (__end__, _end_noinit)

._check_stack   0x0000000020000128      0x100
                0x0000000020000228                . = (. + _Minimum_Stack_Size)
 *fill*         0x0000000020000128      0x100 

.b1text
 *(.b1text)
 *(.b1rodata)
 *(.b1rodata.*)

.eb0text
 *(.eb0text)
 *(.eb0rodata)
 *(.eb0rodata.*)

.eb1text
 *(.eb1text)
 *(.eb1rodata)
 *(.eb1rodata.*)

.eb2text
 *(.eb2text)
 *(.eb2rodata)
 *(.eb2rodata.*)

.eb3text
 *(.eb3text)
 *(.eb3rodata)
 *(.eb3rodata.*)

.stab
 *(.stab)

.stabstr
 *(.stabstr)

.stab.excl
 *(.stab.excl)

.stab.exclstr
 *(.stab.exclstr)

.stab.index
 *(.stab.index)

.stab.indexstr
 *(.stab.indexstr)

.comment        0x0000000000000000       0x2b
 *(.comment)
 .comment       0x0000000000000000       0x2b ./system/src/stm32f1-stdperiph/stm32f10x_can.o
                                         0x2c (size before relaxing)
 .comment       0x000000000000002b       0x2c ./system/src/stm32f1-stdperiph/stm32f10x_gpio.o
 .comment       0x000000000000002b       0x2c ./system/src/stm32f1-stdperiph/stm32f10x_rcc.o
 .comment       0x000000000000002b       0x2c ./system/src/newlib/_exit.o
 .comment       0x000000000000002b       0x2c ./system/src/newlib/_sbrk.o
 .comment       0x000000000000002b       0x2c ./system/src/newlib/_startup.o
 .comment       0x000000000000002b       0x2c ./system/src/newlib/_syscalls.o
 .comment       0x000000000000002b       0x2c ./system/src/newlib/assert.o
 .comment       0x000000000000002b       0x2c ./system/src/diag/Trace.o
 .comment       0x000000000000002b       0x2c ./system/src/diag/trace_impl.o
 .comment       0x000000000000002b       0x2c ./system/src/cortexm/_initialize_hardware.o
 .comment       0x000000000000002b       0x2c ./system/src/cortexm/exception_handlers.o
 .comment       0x000000000000002b       0x2c ./system/src/cmsis/system_stm32f10x.o
 .comment       0x000000000000002b       0x2c ./system/src/cmsis/vectors_stm32f10x.o
 .comment       0x000000000000002b       0x2c ./src/main.o
 .comment       0x000000000000002b       0x2c /usr/lib/gcc/arm-none-eabi/5.4.1/../../../arm-none-eabi/lib/armv7-m/libg_nano.a(lib_a-errno.o)
 .comment       0x000000000000002b       0x2c /usr/lib/gcc/arm-none-eabi/5.4.1/../../../arm-none-eabi/lib/armv7-m/libg_nano.a(lib_a-impure.o)
 .comment       0x000000000000002b       0x2c /usr/lib/gcc/arm-none-eabi/5.4.1/../../../arm-none-eabi/lib/armv7-m/libg_nano.a(lib_a-strlen-stub.o)
 .comment       0x000000000000002b       0x2c /usr/lib/gcc/arm-none-eabi/5.4.1/../../../arm-none-eabi/lib/armv7-m/libg_nano.a(lib_a-vsnprintf.o)
 .comment       0x000000000000002b       0x2c /usr/lib/gcc/arm-none-eabi/5.4.1/../../../arm-none-eabi/lib/armv7-m/libg_nano.a(lib_a-nano-svfprintf.o)
 .comment       0x000000000000002b       0x2c /usr/lib/gcc/arm-none-eabi/5.4.1/../../../arm-none-eabi/lib/armv7-m/libg_nano.a(lib_a-nano-vfprintf_i.o)
 .comment       0x000000000000002b       0x2c /usr/lib/gcc/arm-none-eabi/5.4.1/../../../arm-none-eabi/lib/armv7-m/libg_nano.a(lib_a-memchr-stub.o)
 .comment       0x000000000000002b       0x2c /usr/lib/gcc/arm-none-eabi/5.4.1/../../../arm-none-eabi/lib/armv7-m/libg_nano.a(lib_a-memmove.o)
 .comment       0x000000000000002b       0x2c /usr/lib/gcc/arm-none-eabi/5.4.1/../../../arm-none-eabi/lib/armv7-m/libg_nano.a(lib_a-nano-freer.o)
 .comment       0x000000000000002b       0x2c /usr/lib/gcc/arm-none-eabi/5.4.1/../../../arm-none-eabi/lib/armv7-m/libg_nano.a(lib_a-nano-mallocr.o)
 .comment       0x000000000000002b       0x2c /usr/lib/gcc/arm-none-eabi/5.4.1/../../../arm-none-eabi/lib/armv7-m/libg_nano.a(lib_a-nano-reallocr.o)
 .comment       0x000000000000002b       0x2c /usr/lib/gcc/arm-none-eabi/5.4.1/../../../arm-none-eabi/lib/armv7-m/libg_nano.a(lib_a-sbrkr.o)
 .comment       0x000000000000002b       0x2c /usr/lib/gcc/arm-none-eabi/5.4.1/../../../arm-none-eabi/lib/armv7-m/libg_nano.a(lib_a-nano-msizer.o)

.ARM.attributes
                0x0000000000000000       0x31
 .ARM.attributes
                0x0000000000000000       0x33 ./system/src/stm32f1-stdperiph/stm32f10x_can.o
 .ARM.attributes
                0x0000000000000033       0x33 ./system/src/stm32f1-stdperiph/stm32f10x_gpio.o
 .ARM.attributes
                0x0000000000000066       0x33 ./system/src/stm32f1-stdperiph/stm32f10x_rcc.o
 .ARM.attributes
                0x0000000000000099       0x33 ./system/src/newlib/_exit.o
 .ARM.attributes
                0x00000000000000cc       0x33 ./system/src/newlib/_sbrk.o
 .ARM.attributes
                0x00000000000000ff       0x33 ./system/src/newlib/_startup.o
 .ARM.attributes
                0x0000000000000132       0x33 ./system/src/newlib/_syscalls.o
 .ARM.attributes
                0x0000000000000165       0x33 ./system/src/newlib/assert.o
 .ARM.attributes
                0x0000000000000198       0x33 ./system/src/diag/Trace.o
 .ARM.attributes
                0x00000000000001cb       0x33 ./system/src/diag/trace_impl.o
 .ARM.attributes
                0x00000000000001fe       0x33 ./system/src/cortexm/_initialize_hardware.o
 .ARM.attributes
                0x0000000000000231       0x33 ./system/src/cortexm/exception_handlers.o
 .ARM.attributes
                0x0000000000000264       0x33 ./system/src/cmsis/system_stm32f10x.o
 .ARM.attributes
                0x0000000000000297       0x33 ./system/src/cmsis/vectors_stm32f10x.o
 .ARM.attributes
                0x00000000000002ca       0x33 ./src/main.o
 .ARM.attributes
                0x00000000000002fd       0x2d /usr/lib/gcc/arm-none-eabi/5.4.1/../../../arm-none-eabi/lib/armv7-m/libg_nano.a(lib_a-errno.o)
 .ARM.attributes
                0x000000000000032a       0x2d /usr/lib/gcc/arm-none-eabi/5.4.1/../../../arm-none-eabi/lib/armv7-m/libg_nano.a(lib_a-impure.o)
 .ARM.attributes
                0x0000000000000357       0x2d /usr/lib/gcc/arm-none-eabi/5.4.1/../../../arm-none-eabi/lib/armv7-m/libg_nano.a(lib_a-strlen-stub.o)
 .ARM.attributes
                0x0000000000000384       0x2d /usr/lib/gcc/arm-none-eabi/5.4.1/../../../arm-none-eabi/lib/armv7-m/libg_nano.a(lib_a-vsnprintf.o)
 .ARM.attributes
                0x00000000000003b1       0x2d /usr/lib/gcc/arm-none-eabi/5.4.1/../../../arm-none-eabi/lib/armv7-m/libg_nano.a(lib_a-nano-svfprintf.o)
 .ARM.attributes
                0x00000000000003de       0x2d /usr/lib/gcc/arm-none-eabi/5.4.1/../../../arm-none-eabi/lib/armv7-m/libg_nano.a(lib_a-nano-vfprintf_i.o)
 .ARM.attributes
                0x000000000000040b       0x2d /usr/lib/gcc/arm-none-eabi/5.4.1/../../../arm-none-eabi/lib/armv7-m/libg_nano.a(lib_a-memchr-stub.o)
 .ARM.attributes
                0x0000000000000438       0x1b /usr/lib/gcc/arm-none-eabi/5.4.1/../../../arm-none-eabi/lib/armv7-m/libg_nano.a(lib_a-memcpy.o)
 .ARM.attributes
                0x0000000000000453       0x2d /usr/lib/gcc/arm-none-eabi/5.4.1/../../../arm-none-eabi/lib/armv7-m/libg_nano.a(lib_a-memmove.o)
 .ARM.attributes
                0x0000000000000480       0x2d /usr/lib/gcc/arm-none-eabi/5.4.1/../../../arm-none-eabi/lib/armv7-m/libg_nano.a(lib_a-nano-freer.o)
 .ARM.attributes
                0x00000000000004ad       0x2d /usr/lib/gcc/arm-none-eabi/5.4.1/../../../arm-none-eabi/lib/armv7-m/libg_nano.a(lib_a-nano-mallocr.o)
 .ARM.attributes
                0x00000000000004da       0x2d /usr/lib/gcc/arm-none-eabi/5.4.1/../../../arm-none-eabi/lib/armv7-m/libg_nano.a(lib_a-nano-reallocr.o)
 .ARM.attributes
                0x0000000000000507       0x2d /usr/lib/gcc/arm-none-eabi/5.4.1/../../../arm-none-eabi/lib/armv7-m/libg_nano.a(lib_a-sbrkr.o)
 .ARM.attributes
                0x0000000000000534       0x2d /usr/lib/gcc/arm-none-eabi/5.4.1/../../../arm-none-eabi/lib/armv7-m/libg_nano.a(lib_a-nano-msizer.o)

.debug
 *(.debug)

.line
 *(.line)

.debug_srcinfo
 *(.debug_srcinfo)

.debug_sfnames
 *(.debug_sfnames)

.debug_aranges  0x0000000000000000      0x6e0
 *(.debug_aranges)
 .debug_aranges
                0x0000000000000000       0xe0 ./system/src/stm32f1-stdperiph/stm32f10x_can.o
 .debug_aranges
                0x00000000000000e0       0xa8 ./system/src/stm32f1-stdperiph/stm32f10x_gpio.o
 .debug_aranges
                0x0000000000000188      0x118 ./system/src/stm32f1-stdperiph/stm32f10x_rcc.o
 .debug_aranges
                0x00000000000002a0       0x28 ./system/src/newlib/_exit.o
 .debug_aranges
                0x00000000000002c8       0x20 ./system/src/newlib/_sbrk.o
 .debug_aranges
                0x00000000000002e8       0x40 ./system/src/newlib/_startup.o
 .debug_aranges
                0x0000000000000328       0x30 ./system/src/newlib/_syscalls.o
 .debug_aranges
                0x0000000000000358       0x28 ./system/src/newlib/assert.o
 .debug_aranges
                0x0000000000000380       0x38 ./system/src/diag/Trace.o
 .debug_aranges
                0x00000000000003b8       0x30 ./system/src/diag/trace_impl.o
 .debug_aranges
                0x00000000000003e8       0x28 ./system/src/cortexm/_initialize_hardware.o
 .debug_aranges
                0x0000000000000410       0x90 ./system/src/cortexm/exception_handlers.o
 .debug_aranges
                0x00000000000004a0       0x38 ./system/src/cmsis/system_stm32f10x.o
 .debug_aranges
                0x00000000000004d8       0x20 ./system/src/cmsis/vectors_stm32f10x.o
 .debug_aranges
                0x00000000000004f8       0x30 ./src/main.o
 .debug_aranges
                0x0000000000000528       0x20 /usr/lib/gcc/arm-none-eabi/5.4.1/../../../arm-none-eabi/lib/armv7-m/libg_nano.a(lib_a-errno.o)
 .debug_aranges
                0x0000000000000548       0x18 /usr/lib/gcc/arm-none-eabi/5.4.1/../../../arm-none-eabi/lib/armv7-m/libg_nano.a(lib_a-impure.o)
 .debug_aranges
                0x0000000000000560       0x20 /usr/lib/gcc/arm-none-eabi/5.4.1/../../../arm-none-eabi/lib/armv7-m/libg_nano.a(lib_a-strlen-stub.o)
 .debug_aranges
                0x0000000000000580       0x20 /usr/lib/gcc/arm-none-eabi/5.4.1/../../../arm-none-eabi/lib/armv7-m/libg_nano.a(lib_a-vsnprintf.o)
 .debug_aranges
                0x00000000000005a0       0x20 /usr/lib/gcc/arm-none-eabi/5.4.1/../../../arm-none-eabi/lib/armv7-m/libg_nano.a(lib_a-nano-svfprintf.o)
 .debug_aranges
                0x00000000000005c0       0x20 /usr/lib/gcc/arm-none-eabi/5.4.1/../../../arm-none-eabi/lib/armv7-m/libg_nano.a(lib_a-nano-vfprintf_i.o)
 .debug_aranges
                0x00000000000005e0       0x20 /usr/lib/gcc/arm-none-eabi/5.4.1/../../../arm-none-eabi/lib/armv7-m/libg_nano.a(lib_a-memchr-stub.o)
 .debug_aranges
                0x0000000000000600       0x20 /usr/lib/gcc/arm-none-eabi/5.4.1/../../../arm-none-eabi/lib/armv7-m/libg_nano.a(lib_a-memcpy.o)
 .debug_aranges
                0x0000000000000620       0x20 /usr/lib/gcc/arm-none-eabi/5.4.1/../../../arm-none-eabi/lib/armv7-m/libg_nano.a(lib_a-memmove.o)
 .debug_aranges
                0x0000000000000640       0x20 /usr/lib/gcc/arm-none-eabi/5.4.1/../../../arm-none-eabi/lib/armv7-m/libg_nano.a(lib_a-nano-freer.o)
 .debug_aranges
                0x0000000000000660       0x20 /usr/lib/gcc/arm-none-eabi/5.4.1/../../../arm-none-eabi/lib/armv7-m/libg_nano.a(lib_a-nano-mallocr.o)
 .debug_aranges
                0x0000000000000680       0x20 /usr/lib/gcc/arm-none-eabi/5.4.1/../../../arm-none-eabi/lib/armv7-m/libg_nano.a(lib_a-nano-reallocr.o)
 .debug_aranges
                0x00000000000006a0       0x20 /usr/lib/gcc/arm-none-eabi/5.4.1/../../../arm-none-eabi/lib/armv7-m/libg_nano.a(lib_a-sbrkr.o)
 .debug_aranges
                0x00000000000006c0       0x20 /usr/lib/gcc/arm-none-eabi/5.4.1/../../../arm-none-eabi/lib/armv7-m/libg_nano.a(lib_a-nano-msizer.o)

.debug_pubnames
 *(.debug_pubnames)

.debug_info     0x0000000000000000     0xb815
 *(.debug_info .gnu.linkonce.wi.*)
 .debug_info    0x0000000000000000     0x138c ./system/src/stm32f1-stdperiph/stm32f10x_can.o
 .debug_info    0x000000000000138c      0xbcb ./system/src/stm32f1-stdperiph/stm32f10x_gpio.o
 .debug_info    0x0000000000001f57      0xc70 ./system/src/stm32f1-stdperiph/stm32f10x_rcc.o
 .debug_info    0x0000000000002bc7       0xef ./system/src/newlib/_exit.o
 .debug_info    0x0000000000002cb6      0x11f ./system/src/newlib/_sbrk.o
 .debug_info    0x0000000000002dd5      0x455 ./system/src/newlib/_startup.o
 .debug_info    0x000000000000322a      0x1c7 ./system/src/newlib/_syscalls.o
 .debug_info    0x00000000000033f1      0x1a3 ./system/src/newlib/assert.o
 .debug_info    0x0000000000003594      0x2e6 ./system/src/diag/Trace.o
 .debug_info    0x000000000000387a      0x30b ./system/src/diag/trace_impl.o
 .debug_info    0x0000000000003b85      0x2b1 ./system/src/cortexm/_initialize_hardware.o
 .debug_info    0x0000000000003e36      0x8da ./system/src/cortexm/exception_handlers.o
 .debug_info    0x0000000000004710      0x497 ./system/src/cmsis/system_stm32f10x.o
 .debug_info    0x0000000000004ba7       0xd1 ./system/src/cmsis/vectors_stm32f10x.o
 .debug_info    0x0000000000004c78      0xe82 ./src/main.o
 .debug_info    0x0000000000005afa      0x73c /usr/lib/gcc/arm-none-eabi/5.4.1/../../../arm-none-eabi/lib/armv7-m/libg_nano.a(lib_a-errno.o)
 .debug_info    0x0000000000006236      0x7da /usr/lib/gcc/arm-none-eabi/5.4.1/../../../arm-none-eabi/lib/armv7-m/libg_nano.a(lib_a-impure.o)
 .debug_info    0x0000000000006a10       0xbc /usr/lib/gcc/arm-none-eabi/5.4.1/../../../arm-none-eabi/lib/armv7-m/libg_nano.a(lib_a-strlen-stub.o)
 .debug_info    0x0000000000006acc      0x8b2 /usr/lib/gcc/arm-none-eabi/5.4.1/../../../arm-none-eabi/lib/armv7-m/libg_nano.a(lib_a-vsnprintf.o)
 .debug_info    0x000000000000737e      0xd37 /usr/lib/gcc/arm-none-eabi/5.4.1/../../../arm-none-eabi/lib/armv7-m/libg_nano.a(lib_a-nano-svfprintf.o)
 .debug_info    0x00000000000080b5      0xb3b /usr/lib/gcc/arm-none-eabi/5.4.1/../../../arm-none-eabi/lib/armv7-m/libg_nano.a(lib_a-nano-vfprintf_i.o)
 .debug_info    0x0000000000008bf0      0x132 /usr/lib/gcc/arm-none-eabi/5.4.1/../../../arm-none-eabi/lib/armv7-m/libg_nano.a(lib_a-memchr-stub.o)
 .debug_info    0x0000000000008d22       0xc7 /usr/lib/gcc/arm-none-eabi/5.4.1/../../../arm-none-eabi/lib/armv7-m/libg_nano.a(lib_a-memcpy.o)
 .debug_info    0x0000000000008de9      0x138 /usr/lib/gcc/arm-none-eabi/5.4.1/../../../arm-none-eabi/lib/armv7-m/libg_nano.a(lib_a-memmove.o)
 .debug_info    0x0000000000008f21      0x825 /usr/lib/gcc/arm-none-eabi/5.4.1/../../../arm-none-eabi/lib/armv7-m/libg_nano.a(lib_a-nano-freer.o)
 .debug_info    0x0000000000009746      0x8ec /usr/lib/gcc/arm-none-eabi/5.4.1/../../../arm-none-eabi/lib/armv7-m/libg_nano.a(lib_a-nano-mallocr.o)
 .debug_info    0x000000000000a032      0x882 /usr/lib/gcc/arm-none-eabi/5.4.1/../../../arm-none-eabi/lib/armv7-m/libg_nano.a(lib_a-nano-reallocr.o)
 .debug_info    0x000000000000a8b4      0x7a1 /usr/lib/gcc/arm-none-eabi/5.4.1/../../../arm-none-eabi/lib/armv7-m/libg_nano.a(lib_a-sbrkr.o)
 .debug_info    0x000000000000b055      0x7c0 /usr/lib/gcc/arm-none-eabi/5.4.1/../../../arm-none-eabi/lib/armv7-m/libg_nano.a(lib_a-nano-msizer.o)

.debug_abbrev   0x0000000000000000     0x2899
 *(.debug_abbrev)
 .debug_abbrev  0x0000000000000000      0x233 ./system/src/stm32f1-stdperiph/stm32f10x_can.o
 .debug_abbrev  0x0000000000000233      0x1f4 ./system/src/stm32f1-stdperiph/stm32f10x_gpio.o
 .debug_abbrev  0x0000000000000427      0x1f8 ./system/src/stm32f1-stdperiph/stm32f10x_rcc.o
 .debug_abbrev  0x000000000000061f       0x8e ./system/src/newlib/_exit.o
 .debug_abbrev  0x00000000000006ad       0xb9 ./system/src/newlib/_sbrk.o
 .debug_abbrev  0x0000000000000766      0x1ac ./system/src/newlib/_startup.o
 .debug_abbrev  0x0000000000000912       0xec ./system/src/newlib/_syscalls.o
 .debug_abbrev  0x00000000000009fe       0xab ./system/src/newlib/assert.o
 .debug_abbrev  0x0000000000000aa9      0x145 ./system/src/diag/Trace.o
 .debug_abbrev  0x0000000000000bee      0x1c8 ./system/src/diag/trace_impl.o
 .debug_abbrev  0x0000000000000db6       0xea ./system/src/cortexm/_initialize_hardware.o
 .debug_abbrev  0x0000000000000ea0      0x247 ./system/src/cortexm/exception_handlers.o
 .debug_abbrev  0x00000000000010e7      0x159 ./system/src/cmsis/system_stm32f10x.o
 .debug_abbrev  0x0000000000001240       0x9d ./system/src/cmsis/vectors_stm32f10x.o
 .debug_abbrev  0x00000000000012dd      0x2b5 ./src/main.o
 .debug_abbrev  0x0000000000001592      0x134 /usr/lib/gcc/arm-none-eabi/5.4.1/../../../arm-none-eabi/lib/armv7-m/libg_nano.a(lib_a-errno.o)
 .debug_abbrev  0x00000000000016c6      0x136 /usr/lib/gcc/arm-none-eabi/5.4.1/../../../arm-none-eabi/lib/armv7-m/libg_nano.a(lib_a-impure.o)
 .debug_abbrev  0x00000000000017fc       0x70 /usr/lib/gcc/arm-none-eabi/5.4.1/../../../arm-none-eabi/lib/armv7-m/libg_nano.a(lib_a-strlen-stub.o)
 .debug_abbrev  0x000000000000186c      0x1e6 /usr/lib/gcc/arm-none-eabi/5.4.1/../../../arm-none-eabi/lib/armv7-m/libg_nano.a(lib_a-vsnprintf.o)
 .debug_abbrev  0x0000000000001a52      0x25f /usr/lib/gcc/arm-none-eabi/5.4.1/../../../arm-none-eabi/lib/armv7-m/libg_nano.a(lib_a-nano-svfprintf.o)
 .debug_abbrev  0x0000000000001cb1      0x1f5 /usr/lib/gcc/arm-none-eabi/5.4.1/../../../arm-none-eabi/lib/armv7-m/libg_nano.a(lib_a-nano-vfprintf_i.o)
 .debug_abbrev  0x0000000000001ea6       0xab /usr/lib/gcc/arm-none-eabi/5.4.1/../../../arm-none-eabi/lib/armv7-m/libg_nano.a(lib_a-memchr-stub.o)
 .debug_abbrev  0x0000000000001f51       0x14 /usr/lib/gcc/arm-none-eabi/5.4.1/../../../arm-none-eabi/lib/armv7-m/libg_nano.a(lib_a-memcpy.o)
 .debug_abbrev  0x0000000000001f65       0xab /usr/lib/gcc/arm-none-eabi/5.4.1/../../../arm-none-eabi/lib/armv7-m/libg_nano.a(lib_a-memmove.o)
 .debug_abbrev  0x0000000000002010      0x1b8 /usr/lib/gcc/arm-none-eabi/5.4.1/../../../arm-none-eabi/lib/armv7-m/libg_nano.a(lib_a-nano-freer.o)
 .debug_abbrev  0x00000000000021c8      0x22e /usr/lib/gcc/arm-none-eabi/5.4.1/../../../arm-none-eabi/lib/armv7-m/libg_nano.a(lib_a-nano-mallocr.o)
 .debug_abbrev  0x00000000000023f6      0x1a2 /usr/lib/gcc/arm-none-eabi/5.4.1/../../../arm-none-eabi/lib/armv7-m/libg_nano.a(lib_a-nano-reallocr.o)
 .debug_abbrev  0x0000000000002598      0x1a0 /usr/lib/gcc/arm-none-eabi/5.4.1/../../../arm-none-eabi/lib/armv7-m/libg_nano.a(lib_a-sbrkr.o)
 .debug_abbrev  0x0000000000002738      0x161 /usr/lib/gcc/arm-none-eabi/5.4.1/../../../arm-none-eabi/lib/armv7-m/libg_nano.a(lib_a-nano-msizer.o)

.debug_line     0x0000000000000000     0x6df1
 *(.debug_line)
 .debug_line    0x0000000000000000      0x9cb ./system/src/stm32f1-stdperiph/stm32f10x_can.o
 .debug_line    0x00000000000009cb      0x8b8 ./system/src/stm32f1-stdperiph/stm32f10x_gpio.o
 .debug_line    0x0000000000001283      0x802 ./system/src/stm32f1-stdperiph/stm32f10x_rcc.o
 .debug_line    0x0000000000001a85      0x258 ./system/src/newlib/_exit.o
 .debug_line    0x0000000000001cdd      0x209 ./system/src/newlib/_sbrk.o
 .debug_line    0x0000000000001ee6      0x2bf ./system/src/newlib/_startup.o
 .debug_line    0x00000000000021a5      0x2c8 ./system/src/newlib/_syscalls.o
 .debug_line    0x000000000000246d      0x293 ./system/src/newlib/assert.o
 .debug_line    0x0000000000002700      0x2b9 ./system/src/diag/Trace.o
 .debug_line    0x00000000000029b9      0x53e ./system/src/diag/trace_impl.o
 .debug_line    0x0000000000002ef7      0x33f ./system/src/cortexm/_initialize_hardware.o
 .debug_line    0x0000000000003236      0x5da ./system/src/cortexm/exception_handlers.o
 .debug_line    0x0000000000003810      0x39f ./system/src/cmsis/system_stm32f10x.o
 .debug_line    0x0000000000003baf       0xcf ./system/src/cmsis/vectors_stm32f10x.o
 .debug_line    0x0000000000003c7e     0x1d2d ./src/main.o
 .debug_line    0x00000000000059ab      0x101 /usr/lib/gcc/arm-none-eabi/5.4.1/../../../arm-none-eabi/lib/armv7-m/libg_nano.a(lib_a-errno.o)
 .debug_line    0x0000000000005aac       0xe6 /usr/lib/gcc/arm-none-eabi/5.4.1/../../../arm-none-eabi/lib/armv7-m/libg_nano.a(lib_a-impure.o)
 .debug_line    0x0000000000005b92       0xeb /usr/lib/gcc/arm-none-eabi/5.4.1/../../../arm-none-eabi/lib/armv7-m/libg_nano.a(lib_a-strlen-stub.o)
 .debug_line    0x0000000000005c7d      0x1a7 /usr/lib/gcc/arm-none-eabi/5.4.1/../../../arm-none-eabi/lib/armv7-m/libg_nano.a(lib_a-vsnprintf.o)
 .debug_line    0x0000000000005e24      0x31d /usr/lib/gcc/arm-none-eabi/5.4.1/../../../arm-none-eabi/lib/armv7-m/libg_nano.a(lib_a-nano-svfprintf.o)
 .debug_line    0x0000000000006141      0x32d /usr/lib/gcc/arm-none-eabi/5.4.1/../../../arm-none-eabi/lib/armv7-m/libg_nano.a(lib_a-nano-vfprintf_i.o)
 .debug_line    0x000000000000646e      0x121 /usr/lib/gcc/arm-none-eabi/5.4.1/../../../arm-none-eabi/lib/armv7-m/libg_nano.a(lib_a-memchr-stub.o)
 .debug_line    0x000000000000658f       0xbb /usr/lib/gcc/arm-none-eabi/5.4.1/../../../arm-none-eabi/lib/armv7-m/libg_nano.a(lib_a-memcpy.o)
 .debug_line    0x000000000000664a      0x11d /usr/lib/gcc/arm-none-eabi/5.4.1/../../../arm-none-eabi/lib/armv7-m/libg_nano.a(lib_a-memmove.o)
 .debug_line    0x0000000000006767      0x14b /usr/lib/gcc/arm-none-eabi/5.4.1/../../../arm-none-eabi/lib/armv7-m/libg_nano.a(lib_a-nano-freer.o)
 .debug_line    0x00000000000068b2      0x194 /usr/lib/gcc/arm-none-eabi/5.4.1/../../../arm-none-eabi/lib/armv7-m/libg_nano.a(lib_a-nano-mallocr.o)
 .debug_line    0x0000000000006a46      0x15e /usr/lib/gcc/arm-none-eabi/5.4.1/../../../arm-none-eabi/lib/armv7-m/libg_nano.a(lib_a-nano-reallocr.o)
 .debug_line    0x0000000000006ba4      0x14b /usr/lib/gcc/arm-none-eabi/5.4.1/../../../arm-none-eabi/lib/armv7-m/libg_nano.a(lib_a-sbrkr.o)
 .debug_line    0x0000000000006cef      0x102 /usr/lib/gcc/arm-none-eabi/5.4.1/../../../arm-none-eabi/lib/armv7-m/libg_nano.a(lib_a-nano-msizer.o)

.debug_frame    0x0000000000000000      0xf68
 *(.debug_frame)
 .debug_frame   0x0000000000000000      0x29c ./system/src/stm32f1-stdperiph/stm32f10x_can.o
 .debug_frame   0x000000000000029c      0x1e8 ./system/src/stm32f1-stdperiph/stm32f10x_gpio.o
 .debug_frame   0x0000000000000484      0x31c ./system/src/stm32f1-stdperiph/stm32f10x_rcc.o
 .debug_frame   0x00000000000007a0       0x38 ./system/src/newlib/_exit.o
 .debug_frame   0x00000000000007d8       0x28 ./system/src/newlib/_sbrk.o
 .debug_frame   0x0000000000000800       0x7c ./system/src/newlib/_startup.o
 .debug_frame   0x000000000000087c       0x50 ./system/src/newlib/_syscalls.o
 .debug_frame   0x00000000000008cc       0x40 ./system/src/newlib/assert.o
 .debug_frame   0x000000000000090c       0x94 ./system/src/diag/Trace.o
 .debug_frame   0x00000000000009a0       0x60 ./system/src/diag/trace_impl.o
 .debug_frame   0x0000000000000a00       0x40 ./system/src/cortexm/_initialize_hardware.o
 .debug_frame   0x0000000000000a40      0x158 ./system/src/cortexm/exception_handlers.o
 .debug_frame   0x0000000000000b98       0x68 ./system/src/cmsis/system_stm32f10x.o
 .debug_frame   0x0000000000000c00       0x20 ./system/src/cmsis/vectors_stm32f10x.o
 .debug_frame   0x0000000000000c20       0x50 ./src/main.o
 .debug_frame   0x0000000000000c70       0x20 /usr/lib/gcc/arm-none-eabi/5.4.1/../../../arm-none-eabi/lib/armv7-m/libg_nano.a(lib_a-errno.o)
 .debug_frame   0x0000000000000c90       0x20 /usr/lib/gcc/arm-none-eabi/5.4.1/../../../arm-none-eabi/lib/armv7-m/libg_nano.a(lib_a-strlen-stub.o)
 .debug_frame   0x0000000000000cb0       0x60 /usr/lib/gcc/arm-none-eabi/5.4.1/../../../arm-none-eabi/lib/armv7-m/libg_nano.a(lib_a-vsnprintf.o)
 .debug_frame   0x0000000000000d10       0x9c /usr/lib/gcc/arm-none-eabi/5.4.1/../../../arm-none-eabi/lib/armv7-m/libg_nano.a(lib_a-nano-svfprintf.o)
 .debug_frame   0x0000000000000dac       0x68 /usr/lib/gcc/arm-none-eabi/5.4.1/../../../arm-none-eabi/lib/armv7-m/libg_nano.a(lib_a-nano-vfprintf_i.o)
 .debug_frame   0x0000000000000e14       0x34 /usr/lib/gcc/arm-none-eabi/5.4.1/../../../arm-none-eabi/lib/armv7-m/libg_nano.a(lib_a-memchr-stub.o)
 .debug_frame   0x0000000000000e48       0x30 /usr/lib/gcc/arm-none-eabi/5.4.1/../../../arm-none-eabi/lib/armv7-m/libg_nano.a(lib_a-memmove.o)
 .debug_frame   0x0000000000000e78       0x40 /usr/lib/gcc/arm-none-eabi/5.4.1/../../../arm-none-eabi/lib/armv7-m/libg_nano.a(lib_a-nano-freer.o)
 .debug_frame   0x0000000000000eb8       0x2c /usr/lib/gcc/arm-none-eabi/5.4.1/../../../arm-none-eabi/lib/armv7-m/libg_nano.a(lib_a-nano-mallocr.o)
 .debug_frame   0x0000000000000ee4       0x38 /usr/lib/gcc/arm-none-eabi/5.4.1/../../../arm-none-eabi/lib/armv7-m/libg_nano.a(lib_a-nano-reallocr.o)
 .debug_frame   0x0000000000000f1c       0x2c /usr/lib/gcc/arm-none-eabi/5.4.1/../../../arm-none-eabi/lib/armv7-m/libg_nano.a(lib_a-sbrkr.o)
 .debug_frame   0x0000000000000f48       0x20 /usr/lib/gcc/arm-none-eabi/5.4.1/../../../arm-none-eabi/lib/armv7-m/libg_nano.a(lib_a-nano-msizer.o)

.debug_str      0x0000000000000000    0x88b55
 *(.debug_str)
 .debug_str     0x0000000000000000    0x4e4a7 ./system/src/stm32f1-stdperiph/stm32f10x_can.o
                                      0x4e680 (size before relaxing)
 .debug_str     0x000000000004e4a7      0x5ca ./system/src/stm32f1-stdperiph/stm32f10x_gpio.o
                                      0x4e4c0 (size before relaxing)
 .debug_str     0x000000000004ea71      0xb33 ./system/src/stm32f1-stdperiph/stm32f10x_rcc.o
                                      0x4ea8f (size before relaxing)
 .debug_str     0x000000000004f5a4     0x4846 ./system/src/newlib/_exit.o
                                       0x6e5a (size before relaxing)
 .debug_str     0x0000000000053dea      0x4de ./system/src/newlib/_sbrk.o
                                       0x6245 (size before relaxing)
 .debug_str     0x00000000000542c8      0x260 ./system/src/newlib/_startup.o
                                       0x5dde (size before relaxing)
 .debug_str     0x0000000000054528      0xd69 ./system/src/newlib/_syscalls.o
                                       0x7003 (size before relaxing)
 .debug_str     0x0000000000055291       0xd0 ./system/src/newlib/assert.o
                                       0x795f (size before relaxing)
 .debug_str     0x0000000000055361      0x883 ./system/src/diag/Trace.o
                                       0x763a (size before relaxing)
 .debug_str     0x0000000000055be4      0x37b ./system/src/diag/trace_impl.o
                                      0x51df0 (size before relaxing)
 .debug_str     0x0000000000055f5f       0xb2 ./system/src/cortexm/_initialize_hardware.o
                                      0x4dfaa (size before relaxing)
 .debug_str     0x0000000000056011      0x19d ./system/src/cortexm/exception_handlers.o
                                      0x52bbe (size before relaxing)
 .debug_str     0x00000000000561ae       0xa6 ./system/src/cmsis/system_stm32f10x.o
                                      0x4e054 (size before relaxing)
 .debug_str     0x0000000000056254       0x57 ./system/src/cmsis/vectors_stm32f10x.o
                                       0x2ff9 (size before relaxing)
 .debug_str     0x00000000000562ab    0x31de5 ./src/main.o
                                      0x850a5 (size before relaxing)
 .debug_str     0x0000000000088090      0x3de /usr/lib/gcc/arm-none-eabi/5.4.1/../../../arm-none-eabi/lib/armv7-m/libg_nano.a(lib_a-errno.o)
                                        0x4e3 (size before relaxing)
 .debug_str     0x000000000008846e       0xd6 /usr/lib/gcc/arm-none-eabi/5.4.1/../../../arm-none-eabi/lib/armv7-m/libg_nano.a(lib_a-impure.o)
                                        0x53a (size before relaxing)
 .debug_str     0x0000000000088544       0x9f /usr/lib/gcc/arm-none-eabi/5.4.1/../../../arm-none-eabi/lib/armv7-m/libg_nano.a(lib_a-strlen-stub.o)
                                        0x1a4 (size before relaxing)
 .debug_str     0x00000000000885e3       0xa8 /usr/lib/gcc/arm-none-eabi/5.4.1/../../../arm-none-eabi/lib/armv7-m/libg_nano.a(lib_a-vsnprintf.o)
                                        0x53a (size before relaxing)
 .debug_str     0x000000000008868b      0x1aa /usr/lib/gcc/arm-none-eabi/5.4.1/../../../arm-none-eabi/lib/armv7-m/libg_nano.a(lib_a-nano-svfprintf.o)
                                        0x660 (size before relaxing)
 .debug_str     0x0000000000088835       0x8e /usr/lib/gcc/arm-none-eabi/5.4.1/../../../arm-none-eabi/lib/armv7-m/libg_nano.a(lib_a-nano-vfprintf_i.o)
                                        0x5ff (size before relaxing)
 .debug_str     0x00000000000888c3       0x50 /usr/lib/gcc/arm-none-eabi/5.4.1/../../../arm-none-eabi/lib/armv7-m/libg_nano.a(lib_a-memchr-stub.o)
                                        0x1be (size before relaxing)
 .debug_str     0x0000000000088913       0xaf /usr/lib/gcc/arm-none-eabi/5.4.1/../../../arm-none-eabi/lib/armv7-m/libg_nano.a(lib_a-memmove.o)
                                        0x1c5 (size before relaxing)
 .debug_str     0x00000000000889c2       0xef /usr/lib/gcc/arm-none-eabi/5.4.1/../../../arm-none-eabi/lib/armv7-m/libg_nano.a(lib_a-nano-freer.o)
                                        0x553 (size before relaxing)
 .debug_str     0x0000000000088ab1       0x46 /usr/lib/gcc/arm-none-eabi/5.4.1/../../../arm-none-eabi/lib/armv7-m/libg_nano.a(lib_a-nano-mallocr.o)
                                        0x57e (size before relaxing)
 .debug_str     0x0000000000088af7       0x23 /usr/lib/gcc/arm-none-eabi/5.4.1/../../../arm-none-eabi/lib/armv7-m/libg_nano.a(lib_a-nano-reallocr.o)
                                        0x55b (size before relaxing)
 .debug_str     0x0000000000088b1a       0x2c /usr/lib/gcc/arm-none-eabi/5.4.1/../../../arm-none-eabi/lib/armv7-m/libg_nano.a(lib_a-sbrkr.o)
                                        0x4f2 (size before relaxing)
 .debug_str     0x0000000000088b46        0xf /usr/lib/gcc/arm-none-eabi/5.4.1/../../../arm-none-eabi/lib/armv7-m/libg_nano.a(lib_a-nano-msizer.o)
                                        0x539 (size before relaxing)

.debug_loc      0x0000000000000000     0x416a
 *(.debug_loc)
 .debug_loc     0x0000000000000000      0xbb4 ./system/src/stm32f1-stdperiph/stm32f10x_can.o
 .debug_loc     0x0000000000000bb4      0x776 ./system/src/stm32f1-stdperiph/stm32f10x_gpio.o
 .debug_loc     0x000000000000132a      0x91f ./system/src/stm32f1-stdperiph/stm32f10x_rcc.o
 .debug_loc     0x0000000000001c49       0x82 ./system/src/newlib/_sbrk.o
 .debug_loc     0x0000000000001ccb      0x265 ./system/src/newlib/_startup.o
 .debug_loc     0x0000000000001f30       0x63 ./system/src/newlib/_syscalls.o
 .debug_loc     0x0000000000001f93      0x110 ./system/src/newlib/assert.o
 .debug_loc     0x00000000000020a3      0x102 ./system/src/diag/Trace.o
 .debug_loc     0x00000000000021a5      0x17c ./system/src/diag/trace_impl.o
 .debug_loc     0x0000000000002321      0x2a8 ./system/src/cortexm/exception_handlers.o
 .debug_loc     0x00000000000025c9       0xdf ./system/src/cmsis/system_stm32f10x.o
 .debug_loc     0x00000000000026a8       0x9b ./src/main.o
 .debug_loc     0x0000000000002743       0x21 /usr/lib/gcc/arm-none-eabi/5.4.1/../../../arm-none-eabi/lib/armv7-m/libg_nano.a(lib_a-strlen-stub.o)
 .debug_loc     0x0000000000002764      0x21f /usr/lib/gcc/arm-none-eabi/5.4.1/../../../arm-none-eabi/lib/armv7-m/libg_nano.a(lib_a-vsnprintf.o)
 .debug_loc     0x0000000000002983      0x624 /usr/lib/gcc/arm-none-eabi/5.4.1/../../../arm-none-eabi/lib/armv7-m/libg_nano.a(lib_a-nano-svfprintf.o)
 .debug_loc     0x0000000000002fa7      0x692 /usr/lib/gcc/arm-none-eabi/5.4.1/../../../arm-none-eabi/lib/armv7-m/libg_nano.a(lib_a-nano-vfprintf_i.o)
 .debug_loc     0x0000000000003639      0x1ba /usr/lib/gcc/arm-none-eabi/5.4.1/../../../arm-none-eabi/lib/armv7-m/libg_nano.a(lib_a-memchr-stub.o)
 .debug_loc     0x00000000000037f3      0x2aa /usr/lib/gcc/arm-none-eabi/5.4.1/../../../arm-none-eabi/lib/armv7-m/libg_nano.a(lib_a-memmove.o)
 .debug_loc     0x0000000000003a9d      0x135 /usr/lib/gcc/arm-none-eabi/5.4.1/../../../arm-none-eabi/lib/armv7-m/libg_nano.a(lib_a-nano-freer.o)
 .debug_loc     0x0000000000003bd2      0x378 /usr/lib/gcc/arm-none-eabi/5.4.1/../../../arm-none-eabi/lib/armv7-m/libg_nano.a(lib_a-nano-mallocr.o)
 .debug_loc     0x0000000000003f4a      0x11e /usr/lib/gcc/arm-none-eabi/5.4.1/../../../arm-none-eabi/lib/armv7-m/libg_nano.a(lib_a-nano-reallocr.o)
 .debug_loc     0x0000000000004068       0x4d /usr/lib/gcc/arm-none-eabi/5.4.1/../../../arm-none-eabi/lib/armv7-m/libg_nano.a(lib_a-sbrkr.o)
 .debug_loc     0x00000000000040b5       0xb5 /usr/lib/gcc/arm-none-eabi/5.4.1/../../../arm-none-eabi/lib/armv7-m/libg_nano.a(lib_a-nano-msizer.o)

.debug_macinfo
 *(.debug_macinfo)

.debug_weaknames
 *(.debug_weaknames)

.debug_funcnames
 *(.debug_funcnames)

.debug_typenames
 *(.debug_typenames)

.debug_varnames
 *(.debug_varnames)
OUTPUT(CANtest.elf elf32-littlearm)

.debug_ranges   0x0000000000000000      0x5b8
 .debug_ranges  0x0000000000000000       0xd0 ./system/src/stm32f1-stdperiph/stm32f10x_can.o
 .debug_ranges  0x00000000000000d0       0x98 ./system/src/stm32f1-stdperiph/stm32f10x_gpio.o
 .debug_ranges  0x0000000000000168      0x108 ./system/src/stm32f1-stdperiph/stm32f10x_rcc.o
 .debug_ranges  0x0000000000000270       0x18 ./system/src/newlib/_exit.o
 .debug_ranges  0x0000000000000288       0x10 ./system/src/newlib/_sbrk.o
 .debug_ranges  0x0000000000000298       0x48 ./system/src/newlib/_startup.o
 .debug_ranges  0x00000000000002e0       0x20 ./system/src/newlib/_syscalls.o
 .debug_ranges  0x0000000000000300       0x18 ./system/src/newlib/assert.o
 .debug_ranges  0x0000000000000318       0x28 ./system/src/diag/Trace.o
 .debug_ranges  0x0000000000000340       0x38 ./system/src/diag/trace_impl.o
 .debug_ranges  0x0000000000000378       0x18 ./system/src/cortexm/_initialize_hardware.o
 .debug_ranges  0x0000000000000390       0x98 ./system/src/cortexm/exception_handlers.o
 .debug_ranges  0x0000000000000428       0x28 ./system/src/cmsis/system_stm32f10x.o
 .debug_ranges  0x0000000000000450       0x10 ./system/src/cmsis/vectors_stm32f10x.o
 .debug_ranges  0x0000000000000460       0x20 ./src/main.o
 .debug_ranges  0x0000000000000480       0x10 /usr/lib/gcc/arm-none-eabi/5.4.1/../../../arm-none-eabi/lib/armv7-m/libg_nano.a(lib_a-strlen-stub.o)
 .debug_ranges  0x0000000000000490       0x38 /usr/lib/gcc/arm-none-eabi/5.4.1/../../../arm-none-eabi/lib/armv7-m/libg_nano.a(lib_a-nano-svfprintf.o)
 .debug_ranges  0x00000000000004c8       0xb0 /usr/lib/gcc/arm-none-eabi/5.4.1/../../../arm-none-eabi/lib/armv7-m/libg_nano.a(lib_a-nano-vfprintf_i.o)
 .debug_ranges  0x0000000000000578       0x40 /usr/lib/gcc/arm-none-eabi/5.4.1/../../../arm-none-eabi/lib/armv7-m/libg_nano.a(lib_a-nano-mallocr.o)

.debug_macro    0x0000000000000000     0x6db6
 .debug_macro   0x0000000000000000      0x1bf ./system/src/stm32f1-stdperiph/stm32f10x_can.o
 .debug_macro   0x00000000000001bf       0x8b ./system/src/stm32f1-stdperiph/stm32f10x_can.o
 .debug_macro   0x000000000000024a      0x3c9 ./system/src/stm32f1-stdperiph/stm32f10x_can.o
 .debug_macro   0x0000000000000613      0x1b9 ./system/src/stm32f1-stdperiph/stm32f10x_gpio.o
 .debug_macro   0x00000000000007cc      0x2a6 ./system/src/stm32f1-stdperiph/stm32f10x_gpio.o
 .debug_macro   0x0000000000000a72      0x287 ./system/src/stm32f1-stdperiph/stm32f10x_rcc.o
 .debug_macro   0x0000000000000cf9      0x3dc ./system/src/stm32f1-stdperiph/stm32f10x_rcc.o
 .debug_macro   0x00000000000010d5      0x19c ./system/src/newlib/_exit.o
 .debug_macro   0x0000000000001271       0x9c ./system/src/newlib/_exit.o
 .debug_macro   0x000000000000130d      0x10e ./system/src/newlib/_exit.o
 .debug_macro   0x000000000000141b       0x8d ./system/src/newlib/_exit.o
 .debug_macro   0x00000000000014a8       0x43 ./system/src/newlib/_exit.o
 .debug_macro   0x00000000000014eb      0x30d ./system/src/newlib/_exit.o
 .debug_macro   0x00000000000017f8       0x35 ./system/src/newlib/_exit.o
 .debug_macro   0x000000000000182d      0x151 ./system/src/newlib/_sbrk.o
 .debug_macro   0x000000000000197e      0x174 ./system/src/newlib/_sbrk.o
 .debug_macro   0x0000000000001af2       0x10 ./system/src/newlib/_sbrk.o
 .debug_macro   0x0000000000001b02      0x23b ./system/src/newlib/_sbrk.o
 .debug_macro   0x0000000000001d3d      0x15b ./system/src/newlib/_startup.o
 .debug_macro   0x0000000000001e98      0x1d1 ./system/src/newlib/_syscalls.o
 .debug_macro   0x0000000000002069       0x1c ./system/src/newlib/_syscalls.o
 .debug_macro   0x0000000000002085       0x10 ./system/src/newlib/_syscalls.o
 .debug_macro   0x0000000000002095       0x10 ./system/src/newlib/_syscalls.o
 .debug_macro   0x00000000000020a5       0x10 ./system/src/newlib/_syscalls.o
 .debug_macro   0x00000000000020b5       0x35 ./system/src/newlib/_syscalls.o
 .debug_macro   0x00000000000020ea      0x122 ./system/src/newlib/_syscalls.o
 .debug_macro   0x000000000000220c       0x88 ./system/src/newlib/_syscalls.o
 .debug_macro   0x0000000000002294      0x10c ./system/src/newlib/_syscalls.o
 .debug_macro   0x00000000000023a0      0x159 ./system/src/newlib/_syscalls.o
 .debug_macro   0x00000000000024f9       0x16 ./system/src/newlib/_syscalls.o
 .debug_macro   0x000000000000250f      0x1b8 ./system/src/newlib/assert.o
 .debug_macro   0x00000000000026c7       0x1c ./system/src/newlib/assert.o
 .debug_macro   0x00000000000026e3      0x1c9 ./system/src/diag/Trace.o
 .debug_macro   0x00000000000028ac       0x16 ./system/src/diag/Trace.o
 .debug_macro   0x00000000000028c2       0x97 ./system/src/diag/Trace.o
 .debug_macro   0x0000000000002959       0xfd ./system/src/diag/Trace.o
 .debug_macro   0x0000000000002a56       0x10 ./system/src/diag/Trace.o
 .debug_macro   0x0000000000002a66       0x16 ./system/src/diag/Trace.o
 .debug_macro   0x0000000000002a7c      0x189 ./system/src/diag/Trace.o
 .debug_macro   0x0000000000002c05       0x52 ./system/src/diag/Trace.o
 .debug_macro   0x0000000000002c57       0x16 ./system/src/diag/Trace.o
 .debug_macro   0x0000000000002c6d      0x2c2 ./system/src/diag/trace_impl.o
 .debug_macro   0x0000000000002f2f       0x10 ./system/src/diag/trace_impl.o
 .debug_macro   0x0000000000002f3f       0xcf ./system/src/diag/trace_impl.o
 .debug_macro   0x000000000000300e       0xbe ./system/src/diag/trace_impl.o
 .debug_macro   0x00000000000030cc       0x22 ./system/src/diag/trace_impl.o
 .debug_macro   0x00000000000030ee      0x16b ./system/src/cortexm/_initialize_hardware.o
 .debug_macro   0x0000000000003259      0x2f8 ./system/src/cortexm/exception_handlers.o
 .debug_macro   0x0000000000003551       0x3b ./system/src/cortexm/exception_handlers.o
 .debug_macro   0x000000000000358c       0x10 ./system/src/cortexm/exception_handlers.o
 .debug_macro   0x000000000000359c      0x16e ./system/src/cmsis/system_stm32f10x.o
 .debug_macro   0x000000000000370a       0x34 ./system/src/cmsis/vectors_stm32f10x.o
 .debug_macro   0x000000000000373e      0xaf4 ./src/main.o
 .debug_macro   0x0000000000004232       0x2e ./src/main.o
 .debug_macro   0x0000000000004260       0x1c ./src/main.o
 .debug_macro   0x000000000000427c       0x22 ./src/main.o
 .debug_macro   0x000000000000429e       0x22 ./src/main.o
 .debug_macro   0x00000000000042c0       0xc6 ./src/main.o
 .debug_macro   0x0000000000004386       0x3a ./src/main.o
 .debug_macro   0x00000000000043c0       0x10 ./src/main.o
 .debug_macro   0x00000000000043d0      0x1e1 ./src/main.o
 .debug_macro   0x00000000000045b1       0xaf ./src/main.o
 .debug_macro   0x0000000000004660       0x7b ./src/main.o
 .debug_macro   0x00000000000046db       0x10 ./src/main.o
 .debug_macro   0x00000000000046eb       0x34 ./src/main.o
 .debug_macro   0x000000000000471f       0x34 ./src/main.o
 .debug_macro   0x0000000000004753       0x34 ./src/main.o
 .debug_macro   0x0000000000004787       0x34 ./src/main.o
 .debug_macro   0x00000000000047bb       0x3a ./src/main.o
 .debug_macro   0x00000000000047f5       0x34 ./src/main.o
 .debug_macro   0x0000000000004829       0x34 ./src/main.o
 .debug_macro   0x000000000000485d       0x3a ./src/main.o
 .debug_macro   0x0000000000004897       0x34 ./src/main.o
 .debug_macro   0x00000000000048cb      0x1ae ./src/main.o
 .debug_macro   0x0000000000004a79       0x34 ./src/main.o
 .debug_macro   0x0000000000004aad       0x34 ./src/main.o
 .debug_macro   0x0000000000004ae1       0x34 ./src/main.o
 .debug_macro   0x0000000000004b15       0x34 ./src/main.o
 .debug_macro   0x0000000000004b49       0x3a ./src/main.o
 .debug_macro   0x0000000000004b83       0x34 ./src/main.o
 .debug_macro   0x0000000000004bb7       0x3a ./src/main.o
 .debug_macro   0x0000000000004bf1       0x34 ./src/main.o
 .debug_macro   0x0000000000004c25       0x3a ./src/main.o
 .debug_macro   0x0000000000004c5f       0x34 ./src/main.o
 .debug_macro   0x0000000000004c93       0x3a ./src/main.o
 .debug_macro   0x0000000000004ccd       0x3a ./src/main.o
 .debug_macro   0x0000000000004d07       0x34 ./src/main.o
 .debug_macro   0x0000000000004d3b       0x52 ./src/main.o
 .debug_macro   0x0000000000004d8d       0x34 ./src/main.o
 .debug_macro   0x0000000000004dc1       0x34 ./src/main.o
 .debug_macro   0x0000000000004df5       0x34 ./src/main.o
 .debug_macro   0x0000000000004e29       0x34 ./src/main.o
 .debug_macro   0x0000000000004e5d       0x34 ./src/main.o
 .debug_macro   0x0000000000004e91       0x34 ./src/main.o
 .debug_macro   0x0000000000004ec5       0x34 ./src/main.o
 .debug_macro   0x0000000000004ef9       0x34 ./src/main.o
 .debug_macro   0x0000000000004f2d       0x34 ./src/main.o
 .debug_macro   0x0000000000004f61       0x34 ./src/main.o
 .debug_macro   0x0000000000004f95       0x34 ./src/main.o
 .debug_macro   0x0000000000004fc9       0x34 ./src/main.o
 .debug_macro   0x0000000000004ffd       0x34 ./src/main.o
 .debug_macro   0x0000000000005031       0x34 ./src/main.o
 .debug_macro   0x0000000000005065       0x34 ./src/main.o
 .debug_macro   0x0000000000005099       0x34 ./src/main.o
 .debug_macro   0x00000000000050cd       0x34 ./src/main.o
 .debug_macro   0x0000000000005101       0x34 ./src/main.o
 .debug_macro   0x0000000000005135       0x34 ./src/main.o
 .debug_macro   0x0000000000005169       0x34 ./src/main.o
 .debug_macro   0x000000000000519d       0x34 ./src/main.o
 .debug_macro   0x00000000000051d1       0x34 ./src/main.o
 .debug_macro   0x0000000000005205       0x34 ./src/main.o
 .debug_macro   0x0000000000005239       0x34 ./src/main.o
 .debug_macro   0x000000000000526d       0x3a ./src/main.o
 .debug_macro   0x00000000000052a7       0x34 ./src/main.o
 .debug_macro   0x00000000000052db       0x34 ./src/main.o
 .debug_macro   0x000000000000530f       0x34 ./src/main.o
 .debug_macro   0x0000000000005343       0x40 ./src/main.o
 .debug_macro   0x0000000000005383       0x34 ./src/main.o
 .debug_macro   0x00000000000053b7       0x3a ./src/main.o
 .debug_macro   0x00000000000053f1       0x3a ./src/main.o
 .debug_macro   0x000000000000542b       0x34 ./src/main.o
 .debug_macro   0x000000000000545f       0x34 ./src/main.o
 .debug_macro   0x0000000000005493       0x34 ./src/main.o
 .debug_macro   0x00000000000054c7       0x34 ./src/main.o
 .debug_macro   0x00000000000054fb       0x34 ./src/main.o
 .debug_macro   0x000000000000552f       0x34 ./src/main.o
 .debug_macro   0x0000000000005563       0x34 ./src/main.o
 .debug_macro   0x0000000000005597       0x34 ./src/main.o
 .debug_macro   0x00000000000055cb       0x34 ./src/main.o
 .debug_macro   0x00000000000055ff       0x34 ./src/main.o
 .debug_macro   0x0000000000005633       0x34 ./src/main.o
 .debug_macro   0x0000000000005667       0x3a ./src/main.o
 .debug_macro   0x00000000000056a1       0x3a ./src/main.o
 .debug_macro   0x00000000000056db       0x34 ./src/main.o
 .debug_macro   0x000000000000570f       0x34 ./src/main.o
 .debug_macro   0x0000000000005743       0x34 ./src/main.o
 .debug_macro   0x0000000000005777       0x34 ./src/main.o
 .debug_macro   0x00000000000057ab       0x34 ./src/main.o
 .debug_macro   0x00000000000057df       0x34 ./src/main.o
 .debug_macro   0x0000000000005813       0x34 ./src/main.o
 .debug_macro   0x0000000000005847       0x34 ./src/main.o
 .debug_macro   0x000000000000587b       0x3a ./src/main.o
 .debug_macro   0x00000000000058b5       0x34 ./src/main.o
 .debug_macro   0x00000000000058e9       0x34 ./src/main.o
 .debug_macro   0x000000000000591d       0x34 ./src/main.o
 .debug_macro   0x0000000000005951       0x34 ./src/main.o
 .debug_macro   0x0000000000005985       0x34 ./src/main.o
 .debug_macro   0x00000000000059b9       0x34 ./src/main.o
 .debug_macro   0x00000000000059ed       0x34 ./src/main.o
 .debug_macro   0x0000000000005a21       0x34 ./src/main.o
 .debug_macro   0x0000000000005a55       0x34 ./src/main.o
 .debug_macro   0x0000000000005a89       0x34 ./src/main.o
 .debug_macro   0x0000000000005abd       0x3a ./src/main.o
 .debug_macro   0x0000000000005af7       0x34 ./src/main.o
 .debug_macro   0x0000000000005b2b       0x34 ./src/main.o
 .debug_macro   0x0000000000005b5f       0x34 ./src/main.o
 .debug_macro   0x0000000000005b93       0x34 ./src/main.o
 .debug_macro   0x0000000000005bc7       0x3a ./src/main.o
 .debug_macro   0x0000000000005c01       0x34 ./src/main.o
 .debug_macro   0x0000000000005c35       0x34 ./src/main.o
 .debug_macro   0x0000000000005c69       0x34 ./src/main.o
 .debug_macro   0x0000000000005c9d       0x34 ./src/main.o
 .debug_macro   0x0000000000005cd1       0x3a ./src/main.o
 .debug_macro   0x0000000000005d0b       0x34 ./src/main.o
 .debug_macro   0x0000000000005d3f       0x34 ./src/main.o
 .debug_macro   0x0000000000005d73       0x3a ./src/main.o
 .debug_macro   0x0000000000005dad       0x34 ./src/main.o
 .debug_macro   0x0000000000005de1       0x34 ./src/main.o
 .debug_macro   0x0000000000005e15       0x3a ./src/main.o
 .debug_macro   0x0000000000005e4f       0x34 ./src/main.o
 .debug_macro   0x0000000000005e83       0x34 ./src/main.o
 .debug_macro   0x0000000000005eb7       0x34 ./src/main.o
 .debug_macro   0x0000000000005eeb       0x34 ./src/main.o
 .debug_macro   0x0000000000005f1f       0x3a ./src/main.o
 .debug_macro   0x0000000000005f59       0x34 ./src/main.o
 .debug_macro   0x0000000000005f8d       0x34 ./src/main.o
 .debug_macro   0x0000000000005fc1       0x3a ./src/main.o
 .debug_macro   0x0000000000005ffb       0x34 ./src/main.o
 .debug_macro   0x000000000000602f       0x34 ./src/main.o
 .debug_macro   0x0000000000006063       0x34 ./src/main.o
 .debug_macro   0x0000000000006097       0x3a ./src/main.o
 .debug_macro   0x00000000000060d1       0x3a ./src/main.o
 .debug_macro   0x000000000000610b       0x3a ./src/main.o
 .debug_macro   0x0000000000006145       0x34 ./src/main.o
 .debug_macro   0x0000000000006179       0x40 ./src/main.o
 .debug_macro   0x00000000000061b9       0x34 ./src/main.o
 .debug_macro   0x00000000000061ed       0x52 ./src/main.o
 .debug_macro   0x000000000000623f       0x46 ./src/main.o
 .debug_macro   0x0000000000006285       0x3a ./src/main.o
 .debug_macro   0x00000000000062bf       0x4c ./src/main.o
 .debug_macro   0x000000000000630b       0x3a ./src/main.o
 .debug_macro   0x0000000000006345       0x34 ./src/main.o
 .debug_macro   0x0000000000006379       0x34 ./src/main.o
 .debug_macro   0x00000000000063ad       0x34 ./src/main.o
 .debug_macro   0x00000000000063e1       0x3a ./src/main.o
 .debug_macro   0x000000000000641b       0x34 ./src/main.o
 .debug_macro   0x000000000000644f       0x34 ./src/main.o
 .debug_macro   0x0000000000006483       0x34 ./src/main.o
 .debug_macro   0x00000000000064b7       0x3a ./src/main.o
 .debug_macro   0x00000000000064f1       0x3a ./src/main.o
 .debug_macro   0x000000000000652b       0x34 ./src/main.o
 .debug_macro   0x000000000000655f       0x34 ./src/main.o
 .debug_macro   0x0000000000006593       0x3a ./src/main.o
 .debug_macro   0x00000000000065cd       0x34 ./src/main.o
 .debug_macro   0x0000000000006601       0x3a ./src/main.o
 .debug_macro   0x000000000000663b       0x3a ./src/main.o
 .debug_macro   0x0000000000006675       0x3a ./src/main.o
 .debug_macro   0x00000000000066af       0x3a ./src/main.o
 .debug_macro   0x00000000000066e9       0x3a ./src/main.o
 .debug_macro   0x0000000000006723       0x3a ./src/main.o
 .debug_macro   0x000000000000675d       0x34 ./src/main.o
 .debug_macro   0x0000000000006791       0x3a ./src/main.o
 .debug_macro   0x00000000000067cb       0x34 ./src/main.o
 .debug_macro   0x00000000000067ff       0x3a ./src/main.o
 .debug_macro   0x0000000000006839       0x46 ./src/main.o
 .debug_macro   0x000000000000687f       0x34 ./src/main.o
 .debug_macro   0x00000000000068b3       0x34 ./src/main.o
 .debug_macro   0x00000000000068e7       0x34 ./src/main.o
 .debug_macro   0x000000000000691b       0x40 ./src/main.o
 .debug_macro   0x000000000000695b       0x34 ./src/main.o
 .debug_macro   0x000000000000698f       0x34 ./src/main.o
 .debug_macro   0x00000000000069c3       0x3a ./src/main.o
 .debug_macro   0x00000000000069fd       0x3a ./src/main.o
 .debug_macro   0x0000000000006a37       0x34 ./src/main.o
 .debug_macro   0x0000000000006a6b       0x3a ./src/main.o
 .debug_macro   0x0000000000006aa5       0x3a ./src/main.o
 .debug_macro   0x0000000000006adf       0x40 ./src/main.o
 .debug_macro   0x0000000000006b1f       0x40 ./src/main.o
 .debug_macro   0x0000000000006b5f       0x34 ./src/main.o
 .debug_macro   0x0000000000006b93       0x40 ./src/main.o
 .debug_macro   0x0000000000006bd3       0x3a ./src/main.o
 .debug_macro   0x0000000000006c0d       0x34 ./src/main.o
 .debug_macro   0x0000000000006c41       0x40 ./src/main.o
 .debug_macro   0x0000000000006c81       0x40 ./src/main.o
 .debug_macro   0x0000000000006cc1       0x40 ./src/main.o
 .debug_macro   0x0000000000006d01       0x3a ./src/main.o
 .debug_macro   0x0000000000006d3b       0x12 ./src/main.o
 .debug_macro   0x0000000000006d4d       0x1c ./src/main.o
 .debug_macro   0x0000000000006d69       0x4d ./src/main.o
